     1                                  ;***
     2                                  ;
     3                                  ; Copyright (c) 2008 北京英真时代科技有限公司。保留所有权利。
     4                                  ;
     5                                  ; 只有您接受 EOS 核心源代码协议（参见 License.txt）中的条款才能使用这些代码。
     6                                  ; 如果您不接受，不能使用这些代码。
     7                                  ;
     8                                  ; 文件名: __alloca.asm
     9                                  ;
    10                                  ; 描述: __alloca
    11                                  ;
    12                                  ; 
    13                                  ;
    14                                  ;*******************************************************************************/
    15                                  
    16                                  global __alloca
    17                                  
    18                                  [section .text]
    19                                  
    20                                  __alloca:
    21                                  ;{
    22 00000000 2D01000000              	sub eax, 1
    23 00000005 25FCFFFFFF              	and eax, ~3
    24 0000000A 29C4                    	sub esp, eax
    25 0000000C FF3404                  	push dword [esp + eax]
    26 0000000F 89E0                    	mov eax, esp
    27 00000011 0504000000              	add eax, 4
    28 00000016 C3                      	ret
    29                                  ;}
